Archive member included to satisfy reference by file (symbol)

e:/gba/devkitPro/libgba/lib\libgba.a(input.o)
                              basicsource.o (scanKeys)
e:/gba/devkitPro/libgba/lib\libgba.a(interrupt.o)
                              basicsource.o (irqInit)
e:/gba/devkitPro/libgba/lib\libgba.a(InterruptDispatcher.o)
                              e:/gba/devkitPro/libgba/lib\libgba.a(interrupt.o) (IntrMain)
e:/gba/devkitPro/libgba/lib\libmm.a(mm_main.o)
                              basicsource.o (mmFrame)
e:/gba/devkitPro/libgba/lib\libmm.a(mm_mas.o)
                              e:/gba/devkitPro/libgba/lib\libmm.a(mm_main.o) (mmLayerMain)
e:/gba/devkitPro/libgba/lib\libmm.a(mm_init_default.o)
                              basicsource.o (mmInitDefault)
e:/gba/devkitPro/libgba/lib\libmm.a(mm_mixer_gba.o)
                              basicsource.o (mmVBlank)
e:/gba/devkitPro/libgba/lib\libmm.a(mm_effect.o)
                              e:/gba/devkitPro/libgba/lib\libmm.a(mm_main.o) (mmResetEffects)
e:/gba/devkitPro/libgba/lib\libmm.a(mm_mas_arm.o)
                              e:/gba/devkitPro/libgba/lib\libmm.a(mm_mas.o) (mmAllocChannel)
e:/gba/devkitpro/devkitarm/bin/../lib/gcc/arm-none-eabi/5.3.0/thumb\libgcc.a(_divsi3.o)
                              basicsource.o (__aeabi_idivmod)
e:/gba/devkitpro/devkitarm/bin/../lib/gcc/arm-none-eabi/5.3.0/thumb\libgcc.a(_dvmd_tls.o)
                              e:/gba/devkitpro/devkitarm/bin/../lib/gcc/arm-none-eabi/5.3.0/thumb\libgcc.a(_divsi3.o) (__aeabi_idiv0)
e:/gba/devkitpro/devkitarm/bin/../lib/gcc/arm-none-eabi/5.3.0/thumb\libgcc.a(_call_via_rX.o)
                              e:/gba/devkitPro/libgba/lib\libmm.a(mm_main.o) (_call_via_r1)
e:/gba/devkitpro/devkitarm/bin/../lib/gcc/arm-none-eabi/5.3.0/../../../../arm-none-eabi/lib/thumb\libg.a(lib_a-init.o)
                              e:/gba/devkitpro/devkitarm/bin/../lib/gcc/arm-none-eabi/5.3.0/../../../../arm-none-eabi/lib/thumb/gba_crt0.o (__libc_init_array)
e:/gba/devkitpro/devkitarm/bin/../lib/gcc/arm-none-eabi/5.3.0/../../../../arm-none-eabi/lib/thumb\libg.a(lib_a-malloc.o)
                              e:/gba/devkitPro/libgba/lib\libmm.a(mm_init_default.o) (malloc)
e:/gba/devkitpro/devkitarm/bin/../lib/gcc/arm-none-eabi/5.3.0/../../../../arm-none-eabi/lib/thumb\libg.a(lib_a-mallocr.o)
                              e:/gba/devkitpro/devkitarm/bin/../lib/gcc/arm-none-eabi/5.3.0/../../../../arm-none-eabi/lib/thumb\libg.a(lib_a-malloc.o) (_malloc_r)
e:/gba/devkitpro/devkitarm/bin/../lib/gcc/arm-none-eabi/5.3.0/../../../../arm-none-eabi/lib/thumb\libg.a(lib_a-mlock.o)
                              e:/gba/devkitpro/devkitarm/bin/../lib/gcc/arm-none-eabi/5.3.0/../../../../arm-none-eabi/lib/thumb\libg.a(lib_a-mallocr.o) (__malloc_lock)
e:/gba/devkitpro/devkitarm/bin/../lib/gcc/arm-none-eabi/5.3.0/../../../../arm-none-eabi/lib/thumb\libg.a(lib_a-rand.o)
                              basicsource.o (srand)
e:/gba/devkitpro/devkitarm/bin/../lib/gcc/arm-none-eabi/5.3.0/../../../../arm-none-eabi/lib/thumb\libg.a(lib_a-freer.o)
                              e:/gba/devkitpro/devkitarm/bin/../lib/gcc/arm-none-eabi/5.3.0/../../../../arm-none-eabi/lib/thumb\libg.a(lib_a-malloc.o) (_free_r)
e:/gba/devkitpro/devkitarm/bin/../lib/gcc/arm-none-eabi/5.3.0/../../../../arm-none-eabi/lib/thumb\libsysbase.a(sbrk.o)
                              e:/gba/devkitpro/devkitarm/bin/../lib/gcc/arm-none-eabi/5.3.0/../../../../arm-none-eabi/lib/thumb\libg.a(lib_a-mallocr.o) (_sbrk_r)
e:/gba/devkitpro/devkitarm/bin/../lib/gcc/arm-none-eabi/5.3.0/../../../../arm-none-eabi/lib/thumb\libsysbase.a(malloc_vars.o)
                              e:/gba/devkitpro/devkitarm/bin/../lib/gcc/arm-none-eabi/5.3.0/../../../../arm-none-eabi/lib/thumb\libsysbase.a(sbrk.o) (fake_heap_start)
e:/gba/devkitpro/devkitarm/bin/../lib/gcc/arm-none-eabi/5.3.0/../../../../arm-none-eabi/lib/thumb\libsysbase.a(syscall_support.o)
                              e:/gba/devkitpro/devkitarm/bin/../lib/gcc/arm-none-eabi/5.3.0/../../../../arm-none-eabi/lib/thumb\libg.a(lib_a-mlock.o) (__libc_lock_acquire_recursive)
e:/gba/devkitpro/devkitarm/bin/../lib/gcc/arm-none-eabi/5.3.0/../../../../arm-none-eabi/lib/thumb\libsysbase.a(getreent.o)
                              e:/gba/devkitpro/devkitarm/bin/../lib/gcc/arm-none-eabi/5.3.0/../../../../arm-none-eabi/lib/thumb\libg.a(lib_a-malloc.o) (__getreent)
e:/gba/devkitpro/devkitarm/bin/../lib/gcc/arm-none-eabi/5.3.0/thumb\libgcc.a(_muldi3.o)
                              e:/gba/devkitpro/devkitarm/bin/../lib/gcc/arm-none-eabi/5.3.0/../../../../arm-none-eabi/lib/thumb\libg.a(lib_a-rand.o) (__aeabi_lmul)
e:/gba/devkitpro/devkitarm/bin/../lib/gcc/arm-none-eabi/5.3.0/../../../../arm-none-eabi/lib/thumb\libg.a(lib_a-impure.o)
                              e:/gba/devkitpro/devkitarm/bin/../lib/gcc/arm-none-eabi/5.3.0/../../../../arm-none-eabi/lib/thumb\libsysbase.a(getreent.o) (_impure_ptr)

Allocating common symbols
Common symbol       size              file

IntrTable           0x78              e:/gba/devkitPro/libgba/lib\libgba.a(interrupt.o)

Discarded input sections

 .text          0x00000000        0x0 e:/gba/devkitpro/devkitarm/bin/../lib/gcc/arm-none-eabi/5.3.0/../../../../arm-none-eabi/lib/thumb/gba_crt0.o
 .data          0x00000000        0x0 e:/gba/devkitpro/devkitarm/bin/../lib/gcc/arm-none-eabi/5.3.0/../../../../arm-none-eabi/lib/thumb/gba_crt0.o
 .bss           0x00000000        0x0 e:/gba/devkitpro/devkitarm/bin/../lib/gcc/arm-none-eabi/5.3.0/../../../../arm-none-eabi/lib/thumb/gba_crt0.o
 .text          0x00000000        0x0 e:/gba/devkitpro/devkitarm/bin/../lib/gcc/arm-none-eabi/5.3.0/thumb/crti.o
 .data          0x00000000        0x0 e:/gba/devkitpro/devkitarm/bin/../lib/gcc/arm-none-eabi/5.3.0/thumb/crti.o
 .bss           0x00000000        0x0 e:/gba/devkitpro/devkitarm/bin/../lib/gcc/arm-none-eabi/5.3.0/thumb/crti.o
 .data          0x00000000        0x4 e:/gba/devkitpro/devkitarm/bin/../lib/gcc/arm-none-eabi/5.3.0/thumb/crtbegin.o
 .text          0x00000000        0x0 soundbank.o
 .data          0x00000000        0x0 soundbank.o
 .bss           0x00000000        0x0 soundbank.o
 .text          0x00000000       0x78 basicsource.o
 .data          0x00000000        0x0 basicsource.o
 .bss           0x00000000        0x0 basicsource.o
 .text          0x00000000        0x0 chardata.o
 .data          0x00000000        0x0 chardata.o
 .bss           0x00000000        0x0 chardata.o
 .data          0x00000000        0x0 myasm.o
 .bss           0x00000000        0x0 myasm.o
 .data          0x00000000        0x0 score.o
 .bss           0x00000000        0x0 score.o
 .data          0x00000000        0x0 e:/gba/devkitPro/libgba/lib\libgba.a(interrupt.o)
 .bss           0x00000000        0x0 e:/gba/devkitPro/libgba/lib\libgba.a(interrupt.o)
 .text          0x00000000        0x0 e:/gba/devkitPro/libgba/lib\libgba.a(InterruptDispatcher.o)
 .data          0x00000000        0x0 e:/gba/devkitPro/libgba/lib\libgba.a(InterruptDispatcher.o)
 .bss           0x00000000        0x0 e:/gba/devkitPro/libgba/lib\libgba.a(InterruptDispatcher.o)
 .data          0x00000000        0x0 e:/gba/devkitPro/libgba/lib\libmm.a(mm_main.o)
 .data          0x00000000        0x0 e:/gba/devkitPro/libgba/lib\libmm.a(mm_mas.o)
 .data          0x00000000        0x0 e:/gba/devkitPro/libgba/lib\libmm.a(mm_init_default.o)
 .data          0x00000000        0x0 e:/gba/devkitPro/libgba/lib\libmm.a(mm_mixer_gba.o)
 .data          0x00000000        0x0 e:/gba/devkitPro/libgba/lib\libmm.a(mm_effect.o)
 .text          0x00000000        0x0 e:/gba/devkitPro/libgba/lib\libmm.a(mm_mas_arm.o)
 .data          0x00000000        0x0 e:/gba/devkitPro/libgba/lib\libmm.a(mm_mas_arm.o)
 .bss           0x00000000        0x0 e:/gba/devkitPro/libgba/lib\libmm.a(mm_mas_arm.o)
 .data          0x00000000        0x0 e:/gba/devkitpro/devkitarm/bin/../lib/gcc/arm-none-eabi/5.3.0/thumb\libgcc.a(_divsi3.o)
 .bss           0x00000000        0x0 e:/gba/devkitpro/devkitarm/bin/../lib/gcc/arm-none-eabi/5.3.0/thumb\libgcc.a(_divsi3.o)
 .data          0x00000000        0x0 e:/gba/devkitpro/devkitarm/bin/../lib/gcc/arm-none-eabi/5.3.0/thumb\libgcc.a(_dvmd_tls.o)
 .bss           0x00000000        0x0 e:/gba/devkitpro/devkitarm/bin/../lib/gcc/arm-none-eabi/5.3.0/thumb\libgcc.a(_dvmd_tls.o)
 .data          0x00000000        0x0 e:/gba/devkitpro/devkitarm/bin/../lib/gcc/arm-none-eabi/5.3.0/thumb\libgcc.a(_call_via_rX.o)
 .bss           0x00000000        0x0 e:/gba/devkitpro/devkitarm/bin/../lib/gcc/arm-none-eabi/5.3.0/thumb\libgcc.a(_call_via_rX.o)
 .text          0x00000000        0x0 e:/gba/devkitpro/devkitarm/bin/../lib/gcc/arm-none-eabi/5.3.0/../../../../arm-none-eabi/lib/thumb\libg.a(lib_a-init.o)
 .data          0x00000000        0x0 e:/gba/devkitpro/devkitarm/bin/../lib/gcc/arm-none-eabi/5.3.0/../../../../arm-none-eabi/lib/thumb\libg.a(lib_a-init.o)
 .bss           0x00000000        0x0 e:/gba/devkitpro/devkitarm/bin/../lib/gcc/arm-none-eabi/5.3.0/../../../../arm-none-eabi/lib/thumb\libg.a(lib_a-init.o)
 .text          0x00000000        0x0 e:/gba/devkitpro/devkitarm/bin/../lib/gcc/arm-none-eabi/5.3.0/../../../../arm-none-eabi/lib/thumb\libg.a(lib_a-malloc.o)
 .data          0x00000000        0x0 e:/gba/devkitpro/devkitarm/bin/../lib/gcc/arm-none-eabi/5.3.0/../../../../arm-none-eabi/lib/thumb\libg.a(lib_a-malloc.o)
 .bss           0x00000000        0x0 e:/gba/devkitpro/devkitarm/bin/../lib/gcc/arm-none-eabi/5.3.0/../../../../arm-none-eabi/lib/thumb\libg.a(lib_a-malloc.o)
 .text.free     0x00000000       0x14 e:/gba/devkitpro/devkitarm/bin/../lib/gcc/arm-none-eabi/5.3.0/../../../../arm-none-eabi/lib/thumb\libg.a(lib_a-malloc.o)
 .text          0x00000000        0x0 e:/gba/devkitpro/devkitarm/bin/../lib/gcc/arm-none-eabi/5.3.0/../../../../arm-none-eabi/lib/thumb\libg.a(lib_a-mallocr.o)
 .data          0x00000000        0x0 e:/gba/devkitpro/devkitarm/bin/../lib/gcc/arm-none-eabi/5.3.0/../../../../arm-none-eabi/lib/thumb\libg.a(lib_a-mallocr.o)
 .bss           0x00000000        0x0 e:/gba/devkitpro/devkitarm/bin/../lib/gcc/arm-none-eabi/5.3.0/../../../../arm-none-eabi/lib/thumb\libg.a(lib_a-mallocr.o)
 .text          0x00000000        0x0 e:/gba/devkitpro/devkitarm/bin/../lib/gcc/arm-none-eabi/5.3.0/../../../../arm-none-eabi/lib/thumb\libg.a(lib_a-mlock.o)
 .data          0x00000000        0x0 e:/gba/devkitpro/devkitarm/bin/../lib/gcc/arm-none-eabi/5.3.0/../../../../arm-none-eabi/lib/thumb\libg.a(lib_a-mlock.o)
 .bss           0x00000000        0x0 e:/gba/devkitpro/devkitarm/bin/../lib/gcc/arm-none-eabi/5.3.0/../../../../arm-none-eabi/lib/thumb\libg.a(lib_a-mlock.o)
 .text          0x00000000        0x0 e:/gba/devkitpro/devkitarm/bin/../lib/gcc/arm-none-eabi/5.3.0/../../../../arm-none-eabi/lib/thumb\libg.a(lib_a-rand.o)
 .data          0x00000000        0x0 e:/gba/devkitpro/devkitarm/bin/../lib/gcc/arm-none-eabi/5.3.0/../../../../arm-none-eabi/lib/thumb\libg.a(lib_a-rand.o)
 .bss           0x00000000        0x0 e:/gba/devkitpro/devkitarm/bin/../lib/gcc/arm-none-eabi/5.3.0/../../../../arm-none-eabi/lib/thumb\libg.a(lib_a-rand.o)
 .text          0x00000000        0x0 e:/gba/devkitpro/devkitarm/bin/../lib/gcc/arm-none-eabi/5.3.0/../../../../arm-none-eabi/lib/thumb\libg.a(lib_a-freer.o)
 .data          0x00000000        0x0 e:/gba/devkitpro/devkitarm/bin/../lib/gcc/arm-none-eabi/5.3.0/../../../../arm-none-eabi/lib/thumb\libg.a(lib_a-freer.o)
 .bss           0x00000000        0x0 e:/gba/devkitpro/devkitarm/bin/../lib/gcc/arm-none-eabi/5.3.0/../../../../arm-none-eabi/lib/thumb\libg.a(lib_a-freer.o)
 .data          0x00000000        0x0 e:/gba/devkitpro/devkitarm/bin/../lib/gcc/arm-none-eabi/5.3.0/../../../../arm-none-eabi/lib/thumb\libsysbase.a(sbrk.o)
 .text          0x00000000        0x0 e:/gba/devkitpro/devkitarm/bin/../lib/gcc/arm-none-eabi/5.3.0/../../../../arm-none-eabi/lib/thumb\libsysbase.a(malloc_vars.o)
 .data          0x00000000        0x0 e:/gba/devkitpro/devkitarm/bin/../lib/gcc/arm-none-eabi/5.3.0/../../../../arm-none-eabi/lib/thumb\libsysbase.a(malloc_vars.o)
 .data          0x00000000        0x0 e:/gba/devkitpro/devkitarm/bin/../lib/gcc/arm-none-eabi/5.3.0/../../../../arm-none-eabi/lib/thumb\libsysbase.a(syscall_support.o)
 .data          0x00000000        0x0 e:/gba/devkitpro/devkitarm/bin/../lib/gcc/arm-none-eabi/5.3.0/../../../../arm-none-eabi/lib/thumb\libsysbase.a(getreent.o)
 .bss           0x00000000        0x0 e:/gba/devkitpro/devkitarm/bin/../lib/gcc/arm-none-eabi/5.3.0/../../../../arm-none-eabi/lib/thumb\libsysbase.a(getreent.o)
 .data          0x00000000        0x0 e:/gba/devkitpro/devkitarm/bin/../lib/gcc/arm-none-eabi/5.3.0/thumb\libgcc.a(_muldi3.o)
 .bss           0x00000000        0x0 e:/gba/devkitpro/devkitarm/bin/../lib/gcc/arm-none-eabi/5.3.0/thumb\libgcc.a(_muldi3.o)
 .text          0x00000000        0x0 e:/gba/devkitpro/devkitarm/bin/../lib/gcc/arm-none-eabi/5.3.0/../../../../arm-none-eabi/lib/thumb\libg.a(lib_a-impure.o)
 .data          0x00000000        0x0 e:/gba/devkitpro/devkitarm/bin/../lib/gcc/arm-none-eabi/5.3.0/../../../../arm-none-eabi/lib/thumb\libg.a(lib_a-impure.o)
 .bss           0x00000000        0x0 e:/gba/devkitpro/devkitarm/bin/../lib/gcc/arm-none-eabi/5.3.0/../../../../arm-none-eabi/lib/thumb\libg.a(lib_a-impure.o)
 .rodata._global_impure_ptr
                0x00000000        0x4 e:/gba/devkitpro/devkitarm/bin/../lib/gcc/arm-none-eabi/5.3.0/../../../../arm-none-eabi/lib/thumb\libg.a(lib_a-impure.o)
 .text          0x00000000        0x0 e:/gba/devkitpro/devkitarm/bin/../lib/gcc/arm-none-eabi/5.3.0/thumb/crtend.o
 .data          0x00000000        0x0 e:/gba/devkitpro/devkitarm/bin/../lib/gcc/arm-none-eabi/5.3.0/thumb/crtend.o
 .bss           0x00000000        0x0 e:/gba/devkitpro/devkitarm/bin/../lib/gcc/arm-none-eabi/5.3.0/thumb/crtend.o
 .text          0x00000000        0x0 e:/gba/devkitpro/devkitarm/bin/../lib/gcc/arm-none-eabi/5.3.0/thumb/crtn.o
 .data          0x00000000        0x0 e:/gba/devkitpro/devkitarm/bin/../lib/gcc/arm-none-eabi/5.3.0/thumb/crtn.o
 .bss           0x00000000        0x0 e:/gba/devkitpro/devkitarm/bin/../lib/gcc/arm-none-eabi/5.3.0/thumb/crtn.o

Memory Configuration

Name             Origin             Length             Attributes
rom              0x08000000         0x02000000
iwram            0x03000000         0x00008000
ewram            0x02000000         0x00040000
*default*        0x00000000         0xffffffff

Linker script and memory map

                0x08000000                __text_start = ORIGIN (rom)
                0x02040000                __eheap_end = (ORIGIN (ewram) + 0x40000)
                0x03000000                __iwram_start = ORIGIN (iwram)
                0x03008000                __iwram_top = (ORIGIN (iwram) + 0x8000)
                0x03007fa0                __sp_irq = (__iwram_top - 0x60)
                0x03007f00                __sp_usr = (__sp_irq - 0xa0)
                0x03007ff8                __irq_flags = 0x3007ff8
                0x08000000                . = __text_start

.init           0x08000000      0x21c
 *(.init)
 .init          0x08000000      0x210 e:/gba/devkitpro/devkitarm/bin/../lib/gcc/arm-none-eabi/5.3.0/../../../../arm-none-eabi/lib/thumb/gba_crt0.o
                0x08000000                _start
                0x080000c4                __boot_method
                0x080000c5                __slave_number
                0x080000e0                start_vector
 .init          0x08000210        0x4 e:/gba/devkitpro/devkitarm/bin/../lib/gcc/arm-none-eabi/5.3.0/thumb/crti.o
                0x08000210                _init
 .init          0x08000214        0x8 e:/gba/devkitpro/devkitarm/bin/../lib/gcc/arm-none-eabi/5.3.0/thumb/crtn.o
                0x0800021c                . = ALIGN (0x4)

.plt            0x0800021c        0x0
 *(.plt)
                0x0800021c                . = ALIGN (0x4)

.text           0x08000220     0x4c10
 *(EXCLUDE_FILE(*.iwram*) .text)
 .text          0x08000220       0xd4 e:/gba/devkitpro/devkitarm/bin/../lib/gcc/arm-none-eabi/5.3.0/thumb/crtbegin.o
 .text          0x080002f4       0x10 myasm.o
                0x080002f4                loosealife
 .text          0x08000304       0x2c score.o
                0x08000304                scoreIncrease
 .text          0x08000330      0x140 e:/gba/devkitPro/libgba/lib\libgba.a(input.o)
                0x08000330                setRepeat
                0x08000344                scanKeys
                0x08000418                keysDownRepeat
                0x08000430                keysDown
                0x08000448                keysUp
                0x08000460                keysHeld
 .text          0x08000470      0x2b8 e:/gba/devkitPro/libgba/lib\libgba.a(interrupt.o)
                0x08000470                dummy
                0x08000474                InitInterrupt
                0x080004d0                irqInit
                0x0800052c                SetInterrupt
                0x08000570                irqSet
                0x080005b4                irqEnable
                0x08000614                irqDisable
                0x08000670                EnableInterrupt
                0x080006cc                DisableInterrupt
 .text          0x08000728      0x140 e:/gba/devkitPro/libgba/lib\libmm.a(mm_main.o)
                0x08000728                mpp_call_r7
                0x0800072a                mpp_call_r1
                0x0800072c                mpp_call_r2
                0x0800072e                mpp_call_r3
                0x08000730                mmSetEventHandler
                0x08000738                mmInit
                0x0800078c                mmSetVBlankHandler
                0x08000792                mmFrame
 .text          0x08000868     0x155c e:/gba/devkitPro/libgba/lib\libmm.a(mm_mas.o)
                0x080008dc                mmStart
                0x080008fc                mmJingle
                0x08000902                mmPlayModule
                0x080009cc                mmPause
                0x080009e8                mmResume
                0x080009f8                mmActive
                0x080009fe                mmActiveSub
                0x08000a04                mmSetModuleVolume
                0x08000a14                mmSetJingleVolume
                0x08000a50                mmPosition
                0x08000a6a                mmSetModuleTempo
                0x08000a9c                mmSetModulePitch
                0x08000adc                mmStop
                0x08000ba2                mppUpdateSub
                0x08000cfe                mpp_Process_VolumeCommand
                0x08000f36                mpp_Process_Effect
                0x08001684                ST3_FREQTABLE
                0x08001aa4                IT_PitchTable
 .text          0x08001dc4       0x54 e:/gba/devkitPro/libgba/lib\libmm.a(mm_init_default.o)
                0x08001dc4                mmInitDefault
 .text          0x08001e18      0x1e0 e:/gba/devkitPro/libgba/lib\libmm.a(mm_mixer_gba.o)
                0x08001e18                mmMixerSetSource
                0x08001e2c                mmMixerSetRead
                0x08001e3a                mmMixerSetFreq
                0x08001e4a                mmMixerMulFreq
                0x08001e5e                mmMixerStopChannel
                0x08001e70                mmMixerChannelActive
                0x08001e82                mmMixerSetVolume
                0x08001e90                mmMixerSetPan
                0x08001e9e                mmMixerInit
 .text          0x08001ff8      0x300 e:/gba/devkitPro/libgba/lib\libmm.a(mm_effect.o)
                0x08001ff8                mmResetEffects
                0x08002024                mmEffect
                0x0800203a                mmEffectEx
                0x08002158                mmEffectVolume
                0x08002174                mmEffectPanning
                0x08002188                mmEffectRate
                0x0800219c                mmEffectCancel
                0x080021d6                mmEffectRelease
                0x080021fc                mmEffectScaleRate
                0x08002210                mmSetEffectsVolume
                0x0800221e                mmEffectCancelAll
                0x0800225e                mmUpdateEffects
 .text          0x080022f8      0x150 e:/gba/devkitpro/devkitarm/bin/../lib/gcc/arm-none-eabi/5.3.0/thumb\libgcc.a(_divsi3.o)
                0x080022f8                __divsi3
                0x080022f8                __aeabi_idiv
                0x08002428                __aeabi_idivmod
 .text          0x08002448        0x4 e:/gba/devkitpro/devkitarm/bin/../lib/gcc/arm-none-eabi/5.3.0/thumb\libgcc.a(_dvmd_tls.o)
                0x08002448                __aeabi_idiv0
                0x08002448                __aeabi_ldiv0
 .text          0x0800244c       0x3c e:/gba/devkitpro/devkitarm/bin/../lib/gcc/arm-none-eabi/5.3.0/thumb\libgcc.a(_call_via_rX.o)
                0x0800244c                _call_via_r0
                0x08002450                _call_via_r1
                0x08002454                _call_via_r2
                0x08002458                _call_via_r3
                0x0800245c                _call_via_r4
                0x08002460                _call_via_r5
                0x08002464                _call_via_r6
                0x08002468                _call_via_r7
                0x0800246c                _call_via_r8
                0x08002470                _call_via_r9
                0x08002474                _call_via_sl
                0x08002478                _call_via_fp
                0x0800247c                _call_via_ip
                0x08002480                _call_via_sp
                0x08002484                _call_via_lr
 .text          0x08002488       0x54 e:/gba/devkitpro/devkitarm/bin/../lib/gcc/arm-none-eabi/5.3.0/../../../../arm-none-eabi/lib/thumb\libsysbase.a(sbrk.o)
                0x08002488                _sbrk_r
 .text          0x080024dc      0x104 e:/gba/devkitpro/devkitarm/bin/../lib/gcc/arm-none-eabi/5.3.0/../../../../arm-none-eabi/lib/thumb\libsysbase.a(syscall_support.o)
                0x080024dc                __libc_lock_init
                0x080024f4                __libc_lock_acquire
                0x0800250c                __libc_lock_try_acquire
                0x0800252c                __libc_lock_release
                0x08002544                __libc_lock_close
                0x0800255c                __libc_lock_init_recursive
                0x08002574                __libc_lock_acquire_recursive
                0x0800258c                __libc_lock_try_acquire_recursive
                0x080025ac                __libc_lock_release_recursive
                0x080025c4                __libc_lock_close_recursive
 .text          0x080025e0       0x28 e:/gba/devkitpro/devkitarm/bin/../lib/gcc/arm-none-eabi/5.3.0/../../../../arm-none-eabi/lib/thumb\libsysbase.a(getreent.o)
                0x080025e0                __getreent
 .text          0x08002608       0x60 e:/gba/devkitpro/devkitarm/bin/../lib/gcc/arm-none-eabi/5.3.0/thumb\libgcc.a(_muldi3.o)
                0x08002608                __muldi3
                0x08002608                __aeabi_lmul
 *(.text .stub .text.* .gnu.linkonce.t.*)
 .text.startup  0x08002668     0x1f00 basicsource.o
                0x08002668                main
 .text.__libc_init_array
                0x08004568       0x58 e:/gba/devkitpro/devkitarm/bin/../lib/gcc/arm-none-eabi/5.3.0/../../../../arm-none-eabi/lib/thumb\libg.a(lib_a-init.o)
                0x08004568                __libc_init_array
 .text.malloc   0x080045c0       0x14 e:/gba/devkitpro/devkitarm/bin/../lib/gcc/arm-none-eabi/5.3.0/../../../../arm-none-eabi/lib/thumb\libg.a(lib_a-malloc.o)
                0x080045c0                malloc
 .text._malloc_r
                0x080045d4      0x564 e:/gba/devkitpro/devkitarm/bin/../lib/gcc/arm-none-eabi/5.3.0/../../../../arm-none-eabi/lib/thumb\libg.a(lib_a-mallocr.o)
                0x080045d4                _malloc_r
 .text.__malloc_lock
                0x08004b38       0x14 e:/gba/devkitpro/devkitarm/bin/../lib/gcc/arm-none-eabi/5.3.0/../../../../arm-none-eabi/lib/thumb\libg.a(lib_a-mlock.o)
                0x08004b38                __malloc_lock
 .text.__malloc_unlock
                0x08004b4c       0x14 e:/gba/devkitpro/devkitarm/bin/../lib/gcc/arm-none-eabi/5.3.0/../../../../arm-none-eabi/lib/thumb\libg.a(lib_a-mlock.o)
                0x08004b4c                __malloc_unlock
 .text.srand    0x08004b60       0x18 e:/gba/devkitpro/devkitarm/bin/../lib/gcc/arm-none-eabi/5.3.0/../../../../arm-none-eabi/lib/thumb\libg.a(lib_a-rand.o)
                0x08004b60                srand
 .text.rand     0x08004b78       0x34 e:/gba/devkitpro/devkitarm/bin/../lib/gcc/arm-none-eabi/5.3.0/../../../../arm-none-eabi/lib/thumb\libg.a(lib_a-rand.o)
                0x08004b78                rand
 .text._malloc_trim_r
                0x08004bac       0xa4 e:/gba/devkitpro/devkitarm/bin/../lib/gcc/arm-none-eabi/5.3.0/../../../../arm-none-eabi/lib/thumb\libg.a(lib_a-freer.o)
                0x08004bac                _malloc_trim_r
 .text._free_r  0x08004c50      0x1c8 e:/gba/devkitpro/devkitarm/bin/../lib/gcc/arm-none-eabi/5.3.0/../../../../arm-none-eabi/lib/thumb\libg.a(lib_a-freer.o)
                0x08004c50                _free_r
 .text._free_r.__stub
                0x08004e18       0x14 linker stubs
 *(.text.*personality*)
 *(.gnu.warning)
 *(.glue_7t)
 .glue_7t       0x08004e30        0x0 linker stubs
 *(.glue_7)
 .glue_7        0x08004e30        0x0 linker stubs
 *(.vfp11_veneer)
 .vfp11_veneer  0x08004e30        0x0 linker stubs
                0x08004e30                . = ALIGN (0x4)
                0x08004e30                __text_end = .

.v4_bx          0x08004e30        0x0
 .v4_bx         0x08004e30        0x0 linker stubs

.iplt           0x08004e30        0x0
 .iplt          0x08004e30        0x0 e:/gba/devkitpro/devkitarm/bin/../lib/gcc/arm-none-eabi/5.3.0/../../../../arm-none-eabi/lib/thumb/gba_crt0.o

.fini           0x08004e30        0xc
 *(.fini)
 .fini          0x08004e30        0x4 e:/gba/devkitpro/devkitarm/bin/../lib/gcc/arm-none-eabi/5.3.0/thumb/crti.o
                0x08004e30                _fini
 .fini          0x08004e34        0x8 e:/gba/devkitpro/devkitarm/bin/../lib/gcc/arm-none-eabi/5.3.0/thumb/crtn.o
                0x08004e3c                . = ALIGN (0x4)

.rodata         0x08004e3c    0x24f34
 *(.rodata)
 .rodata        0x08004e3c    0x22f30 soundbank.o
                0x08004e3c                soundbank_bin
                0x08027d68                soundbank_bin_size
                0x08027d68                soundbank_bin_end
 .rodata        0x08027d6c     0x2000 chardata.o
                0x08027d6c                charData
 *all.rodata*(*)
 *(.roda)
 *(.rodata.*)
 .rodata.str1.4
                0x08029d6c        0x4 e:/gba/devkitpro/devkitarm/bin/../lib/gcc/arm-none-eabi/5.3.0/../../../../arm-none-eabi/lib/thumb\libg.a(lib_a-impure.o)
 *(.gnu.linkonce.r*)
                0x08029d70                . = ALIGN (0x4)

.ARM.extab
 *(.ARM.extab* .gnu.linkonce.armextab.*)
                0x08029d70                __exidx_start = .

.ARM.exidx
 *(.ARM.exidx* .gnu.linkonce.armexidx.*)
                0x08029d70                __exidx_end = .

.ctors          0x08029d70        0x0
 *crtbegin.o(.ctors)
 *(EXCLUDE_FILE(*crtend.o) .ctors)
 *(SORT(.ctors.*))
 *(.ctors)
                0x08029d70                . = ALIGN (0x4)

.dtors          0x08029d70        0x0
 *crtbegin.o(.dtors)
 *(EXCLUDE_FILE(*crtend.o) .dtors)
 *(SORT(.dtors.*))
 *(.dtors)
                0x08029d70                . = ALIGN (0x4)

.eh_frame       0x08029d70        0x4
 *(.eh_frame)
 .eh_frame      0x08029d70        0x0 e:/gba/devkitpro/devkitarm/bin/../lib/gcc/arm-none-eabi/5.3.0/thumb/crtbegin.o
 .eh_frame      0x08029d70        0x4 e:/gba/devkitpro/devkitarm/bin/../lib/gcc/arm-none-eabi/5.3.0/thumb/crtend.o
                0x08029d74                . = ALIGN (0x4)

.gcc_except_table
                0x08029d74        0x0
 *(.gcc_except_table)
                0x08029d74                . = ALIGN (0x4)
                0x08029d74                __iwram_lma = .

.iwram          0x03000000     0x1494 load address 0x08029d74
                0x03000000                __iwram_start__ = ABSOLUTE (.)
 *(.iwram)
 .iwram         0x03000000       0xb8 e:/gba/devkitPro/libgba/lib\libgba.a(InterruptDispatcher.o)
                0x03000000                IntrMain
 .iwram         0x030000b8        0x8 e:/gba/devkitPro/libgba/lib\libmm.a(mm_main.o)
                0x030000b8                mpp_call_r7i
                0x030000ba                mpp_call_r2i
                0x030000bc                mpp_call_r1i
 .iwram         0x030000c0      0x554 e:/gba/devkitPro/libgba/lib\libmm.a(mm_mas.o)
                0x030000c0                mppProcessTick
                0x030001a4                mpp_Channel_NewNote
                0x03000284                mpp_Update_ACHN_notest
 .iwram         0x03000614      0x838 e:/gba/devkitPro/libgba/lib\libmm.a(mm_mixer_gba.o)
                0x03000618                mmVBlank
                0x0300069c                mmMixerMix
 .iwram         0x03000e4c      0x648 e:/gba/devkitPro/libgba/lib\libmm.a(mm_mas_arm.o)
                0x03000e4c                mmAllocChannel
                0x03000ec0                mmReadPattern
                0x03000fac                mmUpdateChannel_T0
                0x030011ec                mmUpdateChannel_TN
                0x0300138c                mmGetPeriod
                0x030013d0                note_table_oct
                0x030013ee                note_table_mod
 *iwram.*(.text)
                0x03001494                . = ALIGN (0x4)
                0x03001494                __iwram_end__ = ABSOLUTE (.)
                0x0802b208                __data_lma = (__iwram_lma + SIZEOF (.iwram))

.rel.dyn        0x03001494        0x0 load address 0x0802b208
 .rel.iplt      0x03001494        0x0 e:/gba/devkitpro/devkitarm/bin/../lib/gcc/arm-none-eabi/5.3.0/../../../../arm-none-eabi/lib/thumb/gba_crt0.o

.bss            0x03001494      0x88c
                0x03001494                __bss_start = ABSOLUTE (.)
                0x03001494                __bss_start__ = ABSOLUTE (.)
 *(.dynbss)
 *(.gnu.linkonce.b*)
 *(.bss*)
 .bss           0x03001494       0x1c e:/gba/devkitpro/devkitarm/bin/../lib/gcc/arm-none-eabi/5.3.0/thumb/crtbegin.o
 .bss           0x030014b0        0xa e:/gba/devkitPro/libgba/lib\libgba.a(input.o)
 *fill*         0x030014ba        0x2 
 .bss           0x030014bc       0x20 e:/gba/devkitPro/libgba/lib\libmm.a(mm_main.o)
                0x030014bc                mmCallback
                0x030014c0                mmModuleCount
                0x030014c4                mmModuleBank
                0x030014c8                mmSampleBank
                0x030014cc                mm_ch_mask
                0x030014d0                mm_vblank_function
                0x030014d4                mmInitialized
                0x030014d8                mp_solution
 .bss           0x030014dc      0x148 e:/gba/devkitPro/libgba/lib\libmm.a(mm_mas.o)
                0x030014dc                mmLayerMain
                0x03001514                mmLayerSub
                0x0300154c                mpp_vars
                0x0300155c                mpp_layerp
                0x03001560                mpp_channels
                0x03001570                mpp_nchannels
                0x03001571                mpp_clayer
                0x03001574                mm_achannels
                0x03001578                mm_pchannels
                0x0300157c                mm_num_mch
                0x03001580                mm_num_ach
                0x03001584                mm_schannels
 .bss           0x03001624      0x420 e:/gba/devkitPro/libgba/lib\libmm.a(mm_init_default.o)
 .bss           0x03001a44      0x1bc e:/gba/devkitPro/libgba/lib\libmm.a(mm_mixer_gba.o)
                0x03001a44                mp_writepos
                0x03001a4c                mm_mixchannels
                0x03001a54                mm_mixlen
                0x03001a68                mm_bpmdv
                0x03001a6c                mp_mix_seg
 .bss           0x03001c00       0x30 e:/gba/devkitPro/libgba/lib\libmm.a(mm_effect.o)
                0x03001c24                mm_sfx_bitmask
                0x03001c28                mm_sfx_clearmask
 .bss.__malloc_max_total_mem
                0x03001c30        0x4 e:/gba/devkitpro/devkitarm/bin/../lib/gcc/arm-none-eabi/5.3.0/../../../../arm-none-eabi/lib/thumb\libg.a(lib_a-mallocr.o)
                0x03001c30                __malloc_max_total_mem
 .bss.__malloc_max_sbrked_mem
                0x03001c34        0x4 e:/gba/devkitpro/devkitarm/bin/../lib/gcc/arm-none-eabi/5.3.0/../../../../arm-none-eabi/lib/thumb\libg.a(lib_a-mallocr.o)
                0x03001c34                __malloc_max_sbrked_mem
 .bss.__malloc_top_pad
                0x03001c38        0x4 e:/gba/devkitpro/devkitarm/bin/../lib/gcc/arm-none-eabi/5.3.0/../../../../arm-none-eabi/lib/thumb\libg.a(lib_a-mallocr.o)
                0x03001c38                __malloc_top_pad
 .bss.__malloc_current_mallinfo
                0x03001c3c       0x28 e:/gba/devkitpro/devkitarm/bin/../lib/gcc/arm-none-eabi/5.3.0/../../../../arm-none-eabi/lib/thumb\libg.a(lib_a-mallocr.o)
                0x03001c3c                __malloc_current_mallinfo
 .bss           0x03001c64        0x4 e:/gba/devkitpro/devkitarm/bin/../lib/gcc/arm-none-eabi/5.3.0/../../../../arm-none-eabi/lib/thumb\libsysbase.a(sbrk.o)
 .bss           0x03001c68        0x8 e:/gba/devkitpro/devkitarm/bin/../lib/gcc/arm-none-eabi/5.3.0/../../../../arm-none-eabi/lib/thumb\libsysbase.a(malloc_vars.o)
                0x03001c68                fake_heap_start
                0x03001c6c                fake_heap_end
 .bss           0x03001c70       0x38 e:/gba/devkitpro/devkitarm/bin/../lib/gcc/arm-none-eabi/5.3.0/../../../../arm-none-eabi/lib/thumb\libsysbase.a(syscall_support.o)
                0x03001c70                __syscalls
 *(COMMON)
 COMMON         0x03001ca8       0x78 e:/gba/devkitPro/libgba/lib\libgba.a(interrupt.o)
                0x03001ca8                IntrTable
                0x03001d20                . = ALIGN (0x4)
                0x03001d20                __bss_end__ = ABSOLUTE (.)

.data           0x03001d20      0x864 load address 0x0802b208
                0x03001d20                __data_start__ = ABSOLUTE (.)
 *(.data)
 .data          0x03001d20        0x3 e:/gba/devkitPro/libgba/lib\libgba.a(input.o)
 *(.data.*)
 *fill*         0x03001d23        0x1 ff
 .data.__malloc_av_
                0x03001d24      0x408 e:/gba/devkitpro/devkitarm/bin/../lib/gcc/arm-none-eabi/5.3.0/../../../../arm-none-eabi/lib/thumb\libg.a(lib_a-mallocr.o)
                0x03001d24                __malloc_av_
 .data.__malloc_trim_threshold
                0x0300212c        0x4 e:/gba/devkitpro/devkitarm/bin/../lib/gcc/arm-none-eabi/5.3.0/../../../../arm-none-eabi/lib/thumb\libg.a(lib_a-mallocr.o)
                0x0300212c                __malloc_trim_threshold
 .data.__malloc_sbrk_base
                0x03002130        0x4 e:/gba/devkitpro/devkitarm/bin/../lib/gcc/arm-none-eabi/5.3.0/../../../../arm-none-eabi/lib/thumb\libg.a(lib_a-mallocr.o)
                0x03002130                __malloc_sbrk_base
 .data.__malloc_lock_object
                0x03002134        0xc e:/gba/devkitpro/devkitarm/bin/../lib/gcc/arm-none-eabi/5.3.0/../../../../arm-none-eabi/lib/thumb\libg.a(lib_a-mlock.o)
 .data.impure_data
                0x03002140      0x440 e:/gba/devkitpro/devkitarm/bin/../lib/gcc/arm-none-eabi/5.3.0/../../../../arm-none-eabi/lib/thumb\libg.a(lib_a-impure.o)
 .data._impure_ptr
                0x03002580        0x4 e:/gba/devkitpro/devkitarm/bin/../lib/gcc/arm-none-eabi/5.3.0/../../../../arm-none-eabi/lib/thumb\libg.a(lib_a-impure.o)
                0x03002580                _impure_ptr
 *(.gnu.linkonce.d*)
                0x03002584                . = ALIGN (0x4)
                0x0802ba6c                __preinit_lma = (__data_lma + SIZEOF (.data))

.igot.plt       0x03002584        0x0 load address 0x0802ba6c
 .igot.plt      0x03002584        0x0 e:/gba/devkitpro/devkitarm/bin/../lib/gcc/arm-none-eabi/5.3.0/../../../../arm-none-eabi/lib/thumb/gba_crt0.o

.tm_clone_table
                0x03002584        0x0 load address 0x0802ba6c
 .tm_clone_table
                0x03002584        0x0 e:/gba/devkitpro/devkitarm/bin/../lib/gcc/arm-none-eabi/5.3.0/thumb/crtbegin.o
 .tm_clone_table
                0x03002584        0x0 e:/gba/devkitpro/devkitarm/bin/../lib/gcc/arm-none-eabi/5.3.0/thumb/crtend.o

.preinit_array  0x03002584        0x0 load address 0x0802ba6c
                0x03002584                __preinit_array_start = ABSOLUTE (.)
 *(.preinit_array)
                0x03002584                __preinit_array_end = ABSOLUTE (.)
                0x0802ba6c                __init_lma = (__preinit_lma + SIZEOF (.preinit_array))

.init_array     0x03002584        0x4 load address 0x0802ba6c
                0x03002584                __init_array_start = ABSOLUTE (.)
 *(SORT(.init_array.*))
 *(.init_array)
 .init_array    0x03002584        0x4 e:/gba/devkitpro/devkitarm/bin/../lib/gcc/arm-none-eabi/5.3.0/thumb/crtbegin.o
                0x03002588                __init_array_end = ABSOLUTE (.)
                0x0802ba70                __fini_lma = (__init_lma + SIZEOF (.init_array))

.fini_array     0x03002588        0x4 load address 0x0802ba70
                0x03002588                __fini_array_start = ABSOLUTE (.)
 *(SORT(.fini_array.*))
 *(.fini_array)
 .fini_array    0x03002588        0x4 e:/gba/devkitpro/devkitarm/bin/../lib/gcc/arm-none-eabi/5.3.0/thumb/crtbegin.o
                0x0300258c                __fini_array_end = ABSOLUTE (.)
                0x0802ba74                __jcr_lma = (__fini_lma + SIZEOF (.fini_array))

.jcr            0x0300258c        0x4 load address 0x0802ba74
 *(.jcr)
 .jcr           0x0300258c        0x0 e:/gba/devkitpro/devkitarm/bin/../lib/gcc/arm-none-eabi/5.3.0/thumb/crtbegin.o
 .jcr           0x0300258c        0x4 e:/gba/devkitpro/devkitarm/bin/../lib/gcc/arm-none-eabi/5.3.0/thumb/crtend.o
                0x03002590                __data_end__ = ABSOLUTE (.)
                0x0802ba78                __iwram_overlay_lma = (__jcr_lma + SIZEOF (.jcr))
                0x03002590                __iwram_overlay_start = .

.iwram0         0x03002590        0x0 load address 0x0802ba78
 *(.iwram0)
                0x03002590                . = ALIGN (0x4)
                0x0802ba78                PROVIDE (__load_start_iwram0, LOADADDR (.iwram0))
                0x0802ba78                PROVIDE (__load_stop_iwram0, (LOADADDR (.iwram0) + SIZEOF (.iwram0)))

.iwram1         0x03002590        0x0
 *(.iwram1)
                0x03002590                . = ALIGN (0x4)
                [!provide]                PROVIDE (__load_start_iwram1, LOADADDR (.iwram1))
                [!provide]                PROVIDE (__load_stop_iwram1, (LOADADDR (.iwram1) + SIZEOF (.iwram1)))

.iwram2         0x03002590        0x0
 *(.iwram2)
                0x03002590                . = ALIGN (0x4)
                [!provide]                PROVIDE (__load_start_iwram2, LOADADDR (.iwram2))
                [!provide]                PROVIDE (__load_stop_iwram2, (LOADADDR (.iwram2) + SIZEOF (.iwram2)))

.iwram3         0x03002590        0x0
 *(.iwram3)
                0x03002590                . = ALIGN (0x4)
                [!provide]                PROVIDE (__load_start_iwram3, LOADADDR (.iwram3))
                [!provide]                PROVIDE (__load_stop_iwram3, (LOADADDR (.iwram3) + SIZEOF (.iwram3)))

.iwram4         0x03002590        0x0
 *(.iwram4)
                0x03002590                . = ALIGN (0x4)
                [!provide]                PROVIDE (__load_start_iwram4, LOADADDR (.iwram4))
                [!provide]                PROVIDE (__load_stop_iwram4, (LOADADDR (.iwram4) + SIZEOF (.iwram4)))

.iwram5         0x03002590        0x0
 *(.iwram5)
                0x03002590                . = ALIGN (0x4)
                [!provide]                PROVIDE (__load_start_iwram5, LOADADDR (.iwram5))
                [!provide]                PROVIDE (__load_stop_iwram5, (LOADADDR (.iwram5) + SIZEOF (.iwram5)))

.iwram6         0x03002590        0x0
 *(.iwram6)
                0x03002590                . = ALIGN (0x4)
                [!provide]                PROVIDE (__load_start_iwram6, LOADADDR (.iwram6))
                [!provide]                PROVIDE (__load_stop_iwram6, (LOADADDR (.iwram6) + SIZEOF (.iwram6)))

.iwram7         0x03002590        0x0
 *(.iwram7)
                0x03002590                . = ALIGN (0x4)
                [!provide]                PROVIDE (__load_start_iwram7, LOADADDR (.iwram7))
                [!provide]                PROVIDE (__load_stop_iwram7, (LOADADDR (.iwram7) + SIZEOF (.iwram7)))

.iwram8         0x03002590        0x0
 *(.iwram8)
                0x03002590                . = ALIGN (0x4)
                [!provide]                PROVIDE (__load_start_iwram8, LOADADDR (.iwram8))
                [!provide]                PROVIDE (__load_stop_iwram8, (LOADADDR (.iwram8) + SIZEOF (.iwram8)))

.iwram9         0x03002590        0x0
 *(.iwram9)
                0x03002590                . = ALIGN (0x4)
                [!provide]                PROVIDE (__load_start_iwram9, LOADADDR (.iwram9))
                [!provide]                PROVIDE (__load_stop_iwram9, (LOADADDR (.iwram9) + SIZEOF (.iwram9)))
                0x03002590                __iwram_overlay_end = .
                0x0802ba78                __ewram_lma = (__iwram_overlay_lma + (__iwram_overlay_end - __iwram_overlay_start))
                0x03002590                __iheap_start = .
                0x02000000                __ewram_start = ORIGIN (ewram)

.ewram          0x02000000        0x0 load address 0x0802ba78
 *(.ewram)
                0x02000000                . = ALIGN (0x4)
                0x02000000                __ewram_end = ABSOLUTE (.)
                0x0802ba78                __pad_lma = (__ewram_lma + SIZEOF (.ewram))

.sbss           0x02000000        0x0
                0x02000000                __sbss_start__ = ABSOLUTE (.)
 *(.sbss)
                0x02000000                . = ALIGN (0x4)
                0x02000000                __sbss_end__ = ABSOLUTE (.)
                0x02000000                __end__ = ABSOLUTE (.)
                0x02000000                __eheap_start = ABSOLUTE (.)

.pad            0x02000000        0x8 load address 0x0802ba78
                0x02000000        0x4 LONG 0x52416b64
                0x02000004        0x4 LONG 0x4d
                0x02000008                . = ALIGN (0x4)
                0x0802ba80                __rom_end__ = (__pad_lma + SIZEOF (.pad))

.stab
 *(.stab)

.stabstr
 *(.stabstr)

.stab.excl
 *(.stab.excl)

.stab.exclstr
 *(.stab.exclstr)

.stab.index
 *(.stab.index)

.stab.indexstr
 *(.stab.indexstr)

.comment        0x00000000       0x68
 *(.comment)
 .comment       0x00000000       0x22 e:/gba/devkitpro/devkitarm/bin/../lib/gcc/arm-none-eabi/5.3.0/thumb/crtbegin.o
                                 0x23 (size before relaxing)
 .comment       0x00000022       0x23 basicsource.o
 .comment       0x00000022       0x23 chardata.o
 .comment       0x00000022       0x23 e:/gba/devkitPro/libgba/lib\libgba.a(input.o)
 .comment       0x00000045       0x23 e:/gba/devkitPro/libgba/lib\libgba.a(interrupt.o)
 .comment       0x00000068       0x23 e:/gba/devkitpro/devkitarm/bin/../lib/gcc/arm-none-eabi/5.3.0/../../../../arm-none-eabi/lib/thumb\libg.a(lib_a-init.o)
 .comment       0x00000068       0x23 e:/gba/devkitpro/devkitarm/bin/../lib/gcc/arm-none-eabi/5.3.0/../../../../arm-none-eabi/lib/thumb\libg.a(lib_a-malloc.o)
 .comment       0x00000068       0x23 e:/gba/devkitpro/devkitarm/bin/../lib/gcc/arm-none-eabi/5.3.0/../../../../arm-none-eabi/lib/thumb\libg.a(lib_a-mallocr.o)
 .comment       0x00000068       0x23 e:/gba/devkitpro/devkitarm/bin/../lib/gcc/arm-none-eabi/5.3.0/../../../../arm-none-eabi/lib/thumb\libg.a(lib_a-mlock.o)
 .comment       0x00000068       0x23 e:/gba/devkitpro/devkitarm/bin/../lib/gcc/arm-none-eabi/5.3.0/../../../../arm-none-eabi/lib/thumb\libg.a(lib_a-rand.o)
 .comment       0x00000068       0x23 e:/gba/devkitpro/devkitarm/bin/../lib/gcc/arm-none-eabi/5.3.0/../../../../arm-none-eabi/lib/thumb\libg.a(lib_a-freer.o)
 .comment       0x00000068       0x23 e:/gba/devkitpro/devkitarm/bin/../lib/gcc/arm-none-eabi/5.3.0/../../../../arm-none-eabi/lib/thumb\libsysbase.a(sbrk.o)
 .comment       0x00000068       0x23 e:/gba/devkitpro/devkitarm/bin/../lib/gcc/arm-none-eabi/5.3.0/../../../../arm-none-eabi/lib/thumb\libsysbase.a(malloc_vars.o)
 .comment       0x00000068       0x23 e:/gba/devkitpro/devkitarm/bin/../lib/gcc/arm-none-eabi/5.3.0/../../../../arm-none-eabi/lib/thumb\libsysbase.a(syscall_support.o)
 .comment       0x00000068       0x23 e:/gba/devkitpro/devkitarm/bin/../lib/gcc/arm-none-eabi/5.3.0/../../../../arm-none-eabi/lib/thumb\libsysbase.a(getreent.o)
 .comment       0x00000068       0x23 e:/gba/devkitpro/devkitarm/bin/../lib/gcc/arm-none-eabi/5.3.0/thumb\libgcc.a(_muldi3.o)
 .comment       0x00000068       0x23 e:/gba/devkitpro/devkitarm/bin/../lib/gcc/arm-none-eabi/5.3.0/../../../../arm-none-eabi/lib/thumb\libg.a(lib_a-impure.o)
 .comment       0x00000068       0x23 e:/gba/devkitpro/devkitarm/bin/../lib/gcc/arm-none-eabi/5.3.0/thumb/crtend.o

.debug
 *(.debug)

.line
 *(.line)

.debug_srcinfo
 *(.debug_srcinfo)

.debug_sfnames
 *(.debug_sfnames)

.debug_aranges  0x00000000       0xa0
 *(.debug_aranges)
 .debug_aranges
                0x00000000       0x28 basicsource.o
 .debug_aranges
                0x00000028       0x18 chardata.o
 .debug_aranges
                0x00000040       0x20 e:/gba/devkitPro/libgba/lib\libgba.a(input.o)
 .debug_aranges
                0x00000060       0x20 e:/gba/devkitPro/libgba/lib\libgba.a(interrupt.o)
 .debug_aranges
                0x00000080       0x20 e:/gba/devkitPro/libgba/lib\libgba.a(InterruptDispatcher.o)

.debug_pubnames
                0x00000000      0x10f
 *(.debug_pubnames)
 .debug_pubnames
                0x00000000       0x65 e:/gba/devkitPro/libgba/lib\libgba.a(input.o)
 .debug_pubnames
                0x00000065       0xaa e:/gba/devkitPro/libgba/lib\libgba.a(interrupt.o)

.debug_info     0x00000000     0x251a
 *(.debug_info)
 .debug_info    0x00000000     0x1eab basicsource.o
 .debug_info    0x00001eab       0x4f chardata.o
 .debug_info    0x00001efa      0x200 e:/gba/devkitPro/libgba/lib\libgba.a(input.o)
 .debug_info    0x000020fa      0x38c e:/gba/devkitPro/libgba/lib\libgba.a(interrupt.o)
 .debug_info    0x00002486       0x94 e:/gba/devkitPro/libgba/lib\libgba.a(InterruptDispatcher.o)

.debug_abbrev   0x00000000      0x5c5
 *(.debug_abbrev)
 .debug_abbrev  0x00000000      0x289 basicsource.o
 .debug_abbrev  0x00000289       0x43 chardata.o
 .debug_abbrev  0x000002cc      0x107 e:/gba/devkitPro/libgba/lib\libgba.a(input.o)
 .debug_abbrev  0x000003d3      0x1de e:/gba/devkitPro/libgba/lib\libgba.a(interrupt.o)
 .debug_abbrev  0x000005b1       0x14 e:/gba/devkitPro/libgba/lib\libgba.a(InterruptDispatcher.o)

.debug_line     0x00000000     0x10e5
 *(.debug_line)
 .debug_line    0x00000000      0xdb5 basicsource.o
 .debug_line    0x00000db5       0x5e chardata.o
 .debug_line    0x00000e13       0xd1 e:/gba/devkitPro/libgba/lib\libgba.a(input.o)
 .debug_line    0x00000ee4      0x165 e:/gba/devkitPro/libgba/lib\libgba.a(interrupt.o)
 .debug_line    0x00001049       0x9c e:/gba/devkitPro/libgba/lib\libgba.a(InterruptDispatcher.o)

.debug_frame    0x00000000      0x1cc
 *(.debug_frame)
 .debug_frame   0x00000000       0x74 basicsource.o
 .debug_frame   0x00000074       0x80 e:/gba/devkitPro/libgba/lib\libgba.a(input.o)
 .debug_frame   0x000000f4       0xd8 e:/gba/devkitPro/libgba/lib\libgba.a(interrupt.o)

.debug_str      0x00000000      0x741
 *(.debug_str)
 .debug_str     0x00000000      0x54b basicsource.o
                                0x589 (size before relaxing)
 .debug_str     0x0000054b       0x3e chardata.o
                                 0xcc (size before relaxing)
 .debug_str     0x00000589       0xad e:/gba/devkitPro/libgba/lib\libgba.a(input.o)
                                0x11d (size before relaxing)
 .debug_str     0x00000636      0x10b e:/gba/devkitPro/libgba/lib\libgba.a(interrupt.o)
                                0x210 (size before relaxing)

.debug_loc      0x00000000     0x4098
 *(.debug_loc)
 .debug_loc     0x00000000     0x3e7b basicsource.o
 .debug_loc     0x00003e7b       0x89 e:/gba/devkitPro/libgba/lib\libgba.a(input.o)
 .debug_loc     0x00003f04      0x194 e:/gba/devkitPro/libgba/lib\libgba.a(interrupt.o)

.debug_macinfo
 *(.debug_macinfo)

.debug_weaknames
 *(.debug_weaknames)

.debug_funcnames
 *(.debug_funcnames)

.debug_typenames
 *(.debug_typenames)

.debug_varnames
 *(.debug_varnames)

.stack          0x00080000        0x0
                0x00080000                _stack = .
 *(.stack)

.note.gnu.arm.ident
 *(.note.gnu.arm.ident)

.ARM.attributes
                0x00000000       0x2b
 *(.ARM.attributes)
 .ARM.attributes
                0x00000000       0x16 e:/gba/devkitpro/devkitarm/bin/../lib/gcc/arm-none-eabi/5.3.0/../../../../arm-none-eabi/lib/thumb/gba_crt0.o
 .ARM.attributes
                0x00000016       0x16 e:/gba/devkitpro/devkitarm/bin/../lib/gcc/arm-none-eabi/5.3.0/thumb/crti.o
 .ARM.attributes
                0x0000002c       0x30 e:/gba/devkitpro/devkitarm/bin/../lib/gcc/arm-none-eabi/5.3.0/thumb/crtbegin.o
 .ARM.attributes
                0x0000005c       0x14 soundbank.o
 .ARM.attributes
                0x00000070       0x2c basicsource.o
 .ARM.attributes
                0x0000009c       0x2c chardata.o
 .ARM.attributes
                0x000000c8       0x14 myasm.o
 .ARM.attributes
                0x000000dc       0x14 score.o
 .ARM.attributes
                0x000000f0       0x2e e:/gba/devkitPro/libgba/lib\libgba.a(input.o)
 .ARM.attributes
                0x0000011e       0x2e e:/gba/devkitPro/libgba/lib\libgba.a(interrupt.o)
 .ARM.attributes
                0x0000014c       0x1e e:/gba/devkitPro/libgba/lib\libgba.a(InterruptDispatcher.o)
 .ARM.attributes
                0x0000016a       0x14 e:/gba/devkitPro/libgba/lib\libmm.a(mm_main.o)
 .ARM.attributes
                0x0000017e       0x16 e:/gba/devkitPro/libgba/lib\libmm.a(mm_mas.o)
 .ARM.attributes
                0x00000194       0x14 e:/gba/devkitPro/libgba/lib\libmm.a(mm_init_default.o)
 .ARM.attributes
                0x000001a8       0x16 e:/gba/devkitPro/libgba/lib\libmm.a(mm_mixer_gba.o)
 .ARM.attributes
                0x000001be       0x14 e:/gba/devkitPro/libgba/lib\libmm.a(mm_effect.o)
 .ARM.attributes
                0x000001d2       0x16 e:/gba/devkitPro/libgba/lib\libmm.a(mm_mas_arm.o)
 .ARM.attributes
                0x000001e8       0x18 e:/gba/devkitpro/devkitarm/bin/../lib/gcc/arm-none-eabi/5.3.0/thumb\libgcc.a(_divsi3.o)
 .ARM.attributes
                0x00000200       0x16 e:/gba/devkitpro/devkitarm/bin/../lib/gcc/arm-none-eabi/5.3.0/thumb\libgcc.a(_dvmd_tls.o)
 .ARM.attributes
                0x00000216       0x16 e:/gba/devkitpro/devkitarm/bin/../lib/gcc/arm-none-eabi/5.3.0/thumb\libgcc.a(_call_via_rX.o)
 .ARM.attributes
                0x0000022c       0x30 e:/gba/devkitpro/devkitarm/bin/../lib/gcc/arm-none-eabi/5.3.0/../../../../arm-none-eabi/lib/thumb\libg.a(lib_a-init.o)
 .ARM.attributes
                0x0000025c       0x30 e:/gba/devkitpro/devkitarm/bin/../lib/gcc/arm-none-eabi/5.3.0/../../../../arm-none-eabi/lib/thumb\libg.a(lib_a-malloc.o)
 .ARM.attributes
                0x0000028c       0x30 e:/gba/devkitpro/devkitarm/bin/../lib/gcc/arm-none-eabi/5.3.0/../../../../arm-none-eabi/lib/thumb\libg.a(lib_a-mallocr.o)
 .ARM.attributes
                0x000002bc       0x30 e:/gba/devkitpro/devkitarm/bin/../lib/gcc/arm-none-eabi/5.3.0/../../../../arm-none-eabi/lib/thumb\libg.a(lib_a-mlock.o)
 .ARM.attributes
                0x000002ec       0x30 e:/gba/devkitpro/devkitarm/bin/../lib/gcc/arm-none-eabi/5.3.0/../../../../arm-none-eabi/lib/thumb\libg.a(lib_a-rand.o)
 .ARM.attributes
                0x0000031c       0x30 e:/gba/devkitpro/devkitarm/bin/../lib/gcc/arm-none-eabi/5.3.0/../../../../arm-none-eabi/lib/thumb\libg.a(lib_a-freer.o)
 .ARM.attributes
                0x0000034c       0x30 e:/gba/devkitpro/devkitarm/bin/../lib/gcc/arm-none-eabi/5.3.0/../../../../arm-none-eabi/lib/thumb\libsysbase.a(sbrk.o)
 .ARM.attributes
                0x0000037c       0x30 e:/gba/devkitpro/devkitarm/bin/../lib/gcc/arm-none-eabi/5.3.0/../../../../arm-none-eabi/lib/thumb\libsysbase.a(malloc_vars.o)
 .ARM.attributes
                0x000003ac       0x30 e:/gba/devkitpro/devkitarm/bin/../lib/gcc/arm-none-eabi/5.3.0/../../../../arm-none-eabi/lib/thumb\libsysbase.a(syscall_support.o)
 .ARM.attributes
                0x000003dc       0x30 e:/gba/devkitpro/devkitarm/bin/../lib/gcc/arm-none-eabi/5.3.0/../../../../arm-none-eabi/lib/thumb\libsysbase.a(getreent.o)
 .ARM.attributes
                0x0000040c       0x30 e:/gba/devkitpro/devkitarm/bin/../lib/gcc/arm-none-eabi/5.3.0/thumb\libgcc.a(_muldi3.o)
 .ARM.attributes
                0x0000043c       0x30 e:/gba/devkitpro/devkitarm/bin/../lib/gcc/arm-none-eabi/5.3.0/../../../../arm-none-eabi/lib/thumb\libg.a(lib_a-impure.o)
 .ARM.attributes
                0x0000046c       0x30 e:/gba/devkitpro/devkitarm/bin/../lib/gcc/arm-none-eabi/5.3.0/thumb/crtend.o
 .ARM.attributes
                0x0000049c       0x16 e:/gba/devkitpro/devkitarm/bin/../lib/gcc/arm-none-eabi/5.3.0/thumb/crtn.o

/DISCARD/
 *(.note.GNU-stack)
LOAD e:/gba/devkitpro/devkitarm/bin/../lib/gcc/arm-none-eabi/5.3.0/../../../../arm-none-eabi/lib/thumb/gba_crt0.o
LOAD e:/gba/devkitpro/devkitarm/bin/../lib/gcc/arm-none-eabi/5.3.0/thumb/crti.o
LOAD e:/gba/devkitpro/devkitarm/bin/../lib/gcc/arm-none-eabi/5.3.0/thumb/crtbegin.o
LOAD soundbank.o
LOAD basicsource.o
LOAD chardata.o
LOAD myasm.o
LOAD score.o
LOAD e:/gba/devkitPro/libgba/lib\libgba.a
LOAD e:/gba/devkitPro/libgba/lib\libmm.a
START GROUP
LOAD e:/gba/devkitpro/devkitarm/bin/../lib/gcc/arm-none-eabi/5.3.0/thumb\libgcc.a
LOAD e:/gba/devkitpro/devkitarm/bin/../lib/gcc/arm-none-eabi/5.3.0/../../../../arm-none-eabi/lib/thumb\libg.a
LOAD e:/gba/devkitpro/devkitarm/bin/../lib/gcc/arm-none-eabi/5.3.0/../../../../arm-none-eabi/lib/thumb\libc.a
LOAD e:/gba/devkitpro/devkitarm/bin/../lib/gcc/arm-none-eabi/5.3.0/../../../../arm-none-eabi/lib/thumb\libsysbase.a
END GROUP
LOAD e:/gba/devkitpro/devkitarm/bin/../lib/gcc/arm-none-eabi/5.3.0/thumb/crtend.o
LOAD e:/gba/devkitpro/devkitarm/bin/../lib/gcc/arm-none-eabi/5.3.0/thumb/crtn.o
OUTPUT(e:/documents/Basic_Example/sporce_invordors/sporce_invordors.elf elf32-littlearm)

.debug_ranges   0x00000000      0x508
 .debug_ranges  0x00000000      0x4a8 basicsource.o
 .debug_ranges  0x000004a8       0x60 e:/gba/devkitPro/libgba/lib\libgba.a(interrupt.o)
